
[1m[30m[46m RUN [49m[39m[22m [36mv4.1.4 [39m[90mC:/Users/HP/OneDrive/Desktop/binary forster[39m

 [32mΓ£ô[39m src/components/ui/GlassCard.test.tsx [2m([22m[2m4 tests[22m[2m)[22m[32m 168[2mms[22m[39m
 [32mΓ£ô[39m src/components/ui/Typewriter.test.tsx [2m([22m[2m9 tests[22m[2m)[22m[33m 499[2mms[22m[39m
 [32mΓ£ô[39m src/components/ui/LiquidButton.test.tsx [2m([22m[2m7 tests[22m[2m)[22m[33m 488[2mms[22m[39m
 [32mΓ£ô[39m src/components/ui/TiltCard.test.tsx [2m([22m[2m5 tests[22m[2m)[22m[33m 801[2mms[22m[39m
     [33m[2mΓ£ô[22m[39m should apply tilt transform on mouse move [33m 457[2mms[22m[39m
 [31mΓ¥»[39m src/components/layout/PageLoader.test.tsx [2m([22m[2m7 tests[22m[2m | [22m[31m4 failed[39m[2m)[22m[33m 534[2mms[22m[39m
       [32mΓ£ô[39m should render nothing when bf-loaded is set[32m 86[2mms[22m[39m
[31m       [31m├ù[31m should render the loader on first visit[39m[33m 323[2mms[22m[39m
[31m       [31m├ù[31m should render the brand name[39m[32m 28[2mms[22m[39m
[31m       [31m├ù[31m should render a canvas element for the rain effect[39m[32m 21[2mms[22m[39m
[31m       [31m├ù[31m should render the progress bar container[39m[32m 21[2mms[22m[39m
       [32mΓ£ô[39m should not crash when canvas context is unavailable[32m 20[2mms[22m[39m
       [32mΓ£ô[39m should mark sessionStorage on gsap completion when onComplete fires[32m 26[2mms[22m[39m
 [32mΓ£ô[39m src/components/layout/Navbar.test.tsx [2m([22m[2m10 tests[22m[2m)[22m[33m 814[2mms[22m[39m
 [31mΓ¥»[39m __tests__/page.test.tsx [2m([22m[2m3 tests[22m[2m | [22m[31m2 failed[39m[2m)[22m[33m 2051[2mms[22m[39m
[31m       [31m├ù[31m should render the hero section, bento grid, differentiators, and process timeline[39m[33m 786[2mms[22m[39m
       [33m[2mΓ£ô[22m[39m should safely render when running without window (SSR fallback check) [33m 1248[2mms[22m[39m
[31m       [31m├ù[31m should gracefully handle gsap issues without crashing the UI component structure[39m[32m 3[2mms[22m[39m
 [32mΓ£ô[39m src/utils/validation.test.ts [2m([22m[2m4 tests[22m[2m)[22m[32m 19[2mms[22m[39m
 [32mΓ£ô[39m src/utils/validation.extended.test.ts [2m([22m[2m15 tests[22m[2m)[22m[32m 39[2mms[22m[39m
 [32mΓ£ô[39m src/utils/filtering.test.ts [2m([22m[2m5 tests[22m[2m)[22m[32m 14[2mms[22m[39m
 [32mΓ£ô[39m src/utils/filtering.extended.test.ts [2m([22m[2m11 tests[22m[2m)[22m[32m 26[2mms[22m[39m
 [32mΓ£ô[39m __tests__/blog.test.tsx [2m([22m[2m3 tests[22m[2m)[22m[33m 755[2mms[22m[39m
       [33m[2mΓ£ô[22m[39m should render the blog hero section and grid correctly [33m 536[2mms[22m[39m
 [32mΓ£ô[39m src/components/ui/ScrollReveal.test.tsx [2m([22m[2m10 tests[22m[2m)[22m[32m 262[2mms[22m[39m
node.exe : 
At line:1 char:1
+ & "C:\Program Files\nodejs/node.exe" "C:\Program Files\nodejs/node_mo ...
+ ~~~~~~~~~~~~~~~~~~~~~~~~~~~~~~~~~~~~~~~~~~~~~~~~~~~~~~~~~~~~~~~~~~~~~
    + CategoryInfo          : NotSpecified: (:String) [], RemoteException
    + FullyQualifiedErrorId : NativeCommandError
 
[31mΓÄ»ΓÄ»ΓÄ»ΓÄ»ΓÄ»ΓÄ»ΓÄ»[39m[1m[41m Failed Tests 6 [49m[22m[31mΓÄ»ΓÄ»ΓÄ»ΓÄ»ΓÄ»ΓÄ»ΓÄ»[39m

[41m[1m FAIL [22m[49m __tests__/page.test.tsx[2m > [22mHome Page[2m > [22mhappy path[2m > [22mshould render 
the hero section, bento grid, differentiators, and process timeline
[31m[1mTestingLibraryElementError[22m[39m: Unable to find an element with the text: /We Build Software/i. This 
could be because the text is broken up by multiple elements. In this case, you can provide a function for your text 
matcher to make your matcher more flexible.

Ignored nodes: comments, script, style
[36m<body>[39m
  [36m<div>[39m
    [36m<div[39m
      [33mclass[39m=[32m"flex flex-col gap-32 pb-24 overflow-x-hidden outline-none"[39m
    [36m>[39m
      [36m<section[39m
        [33mclass[39m=[32m"hero relative min-h-[100vh] flex flex-col items-center justify-center 
overflow-hidden"[39m
      [36m>[39m
        [36m<div[39m
          [33mdata-testid[39m=[32m"particle-canvas"[39m
        [36m/>[39m
        [36m<div[39m
          [33maria-hidden[39m=[32m"true"[39m
          [33mclass[39m=[32m"absolute inset-0 pointer-events-none z-[1]"[39m
        [36m>[39m
          [36m<div[39m
            [33mclass[39m=[32m"absolute top-[10%] left-[15%] w-[300px] h-[300px] border border-violet-500/10 
rounded-3xl rotate-45 blur-[1px] opacity-10 animate-[float_20s_ease-in-out_infinite]"[39m
          [36m/>[39m
          [36m<div[39m
            [33mclass[39m=[32m"absolute top-[30%] right-[20%] w-[200px] h-[200px] border border-cyan-400/10 
rounded-2xl -rotate-12 blur-[1px] opacity-8 animate-[float_25s_ease-in-out_infinite_reverse]"[39m
          [36m/>[39m
          [36m<div[39m
            [33mclass[39m=[32m"absolute bottom-[20%] left-[60%] w-[150px] h-[150px] border border-violet-300/8 
rounded-xl rotate-30 blur-[1px] opacity-10 animate-[float_18s_ease-in-out_infinite]"[39m
          [36m/>[39m
        [36m</div>[39m
        [36m<div[39m
          [33mclass[39m=[32m"container relative z-10 mx-auto px-6 max-w-[860px] text-center flex flex-col 
items-center pt-24 pb-12"[39m
        [36m>[39m
          [36m<span[39m
            [33mclass[39m=[32m"hero-eyebrow inline-flex items-center gap-2 px-4 py-1.5 rounded-full border 
border-cyan-400/25 bg-cyan-400/7 text-cyan-300 text-[13px] uppercase tracking-[0.1em] font-medium"[39m
          [36m>[39m
            [36m<span[39m
              [33mclass[39m=[32m"w-1.5 h-1.5 rounded-full bg-cyan-400 animate-pulse"[39m
            [36m/>[39m
            [0mNow Available ┬╖ Worldwide Clients[0m
          [36m</span>[39m
          [36m<h1[39m
            [33mclass[39m=[32m"hero-h1 text-h1 mt-8 mb-3 flex flex-wrap justify-center gap-[0.25em]"[39m
          [36m>[39m
            [36m<span[39m
              [33mclass[39m=[32m"hero-word inline-block"[39m
            [36m>[39m
              [0mWe[0m
            [36m</span>[39m
            [36m<span[39m
              [33mclass[39m=[32m"hero-word inline-block"[39m
            [36m>[39m
              [0mBuild[0m
            [36m</span>[39m
            [36m<span[39m
              [33mclass[39m=[32m"hero-word inline-block"[39m
            [36m>[39m
              [0mSoftware[0m
            [36m</span>[39m
          [36m</h1>[39m
          [36m<div[39m
            [33mclass[39m=[32m"hero-word text-h1 mb-2"[39m
          [36m>[39m
            [0mThat [0m
            [36m<span[39m
              [33mclass[39m=[32m"text-gradient"[39m
            [36m>[39m
              [0mThinks.[0m
            [36m</span>[39m
          [36m</div>[39m
          [36m<div[39m
            [33mclass[39m=[32m"hero-typewriter text-2xl md:text-3xl font-display font-medium mt-2 mb-8 h-10"[39m
          [36m>[39m
            [36m<div[39m
              [33mdata-testid[39m=[32m"typewriter-content"[39m
            [36m>[39m
              [0mTypewriter Animated Content[0m
            [36m</div>[39m
          [36m</div>[39m
          [36m<p[39m
            [33mclass[39m=[32m"hero-sub text-lg text-[var(--text-muted)] mb-10 max-w-[580px]"[39m
          [36m>[39m
            [0mCustom-built technology solutions for growing businesses worldwide. From AI integrations to full 
e-commerce platforms ΓÇö we build it, you own it.[0m
          [36m</p>[39m
          [36m<div[39m
            [33mclass[39m=[32m"flex flex-wrap gap-4 items-center justify-center"[39m
          [36m>[39m
            [36m<a[39m
              [33mclass[39m=[32m"btn-liquid relative inline-flex items-center justify-center px-10 py-[18px] 
rounded-full border-[2px] font-body text-[17px] font-bold tracking-[0.04em] overflow-hidden isolate transition-all 
duration-300 cursor-pointer active:scale-[0.95] btn-primary bg-[var(--violet-600)] border-[var(--violet-400)] 
text-[var(--btn-primary-text)] shadow-[0_0_25px_rgba(139,92,246,0.4)] hover:border-[var(--cyan-400)] 
hover:bg-[var(--violet-500)] hover:shadow-[0_0_45px_rgba(34,211,238,0.6),0_0_15px_rgba(34,211,238,0.4)] 
hover:brightness-110 hero-btn group"[39m
              [33mhref[39m=[32m"/contact"[39m
            [36m>[39m
              [36m<span[39m
                [33mclass[39m=[32m"absolute inset-0 rounded-full origin-[50%_110%] scale-y-0 transition-transform 
duration-[400ms] ease-[cubic-bezier(0.25,0.46,0.45,0.94)] z-[1] bg-gradient-to-br from-violet-500 to-violet-700"[39m
                [33mstyle[39m=[32m"clip-path: ellipse(55% 60% at 50% 100%);"[39m
              [36m/>[39m
              [36m<span[39m
                [33mclass[39m=[32m"relative z-[2] transition-colors duration-400 delay-50 flex items-center gap-2 
group-hover:text-white"[39m
              [36m>[39m
                [0mStart a Project ΓåÆ[0m
              [36m</span>[39m
            [36m</a>[39m
            [36m<a[39m
              [33mclass[39m=[32m"btn-liquid relative inline-flex items-center justify-center px-10 py-[18px] 
rounded-full border-[2px] font-body text-[17px] font-bold tracking-[0.04em] overflow-hidden isolate transition-all 
duration-300 cursor-pointer active:scale-[0.95] btn-ghost border-[var(--glass-border)] bg-[var(--glass-bg)] 
text-[var(--text-h)] shadow-[0_4px_15px_rgba(0,0,0,0.1)] hover:text-[var(--cyan-500)] hover:border-[var(--cyan-500)] 
hover:bg-[var(--glass-bg-hover)] hover:shadow-[0_0_30px_rgba(34,211,238,0.3)] hero-btn group"[39m
              [33mhref[39m=[32m"/portfolio"[39m
            [36m>[39m
              [36m<span[39m
                [33mclass[39m=[32m"absolute inset-0 rounded-full origin-[50%_110%] scale-y-0 transition-transform 
duration-[400ms] ease-[cubic-bezier(0.25,0.46,0.45,0.94)] z-[1] bg-white/10"[39m
                [33mstyle[39m=[32m"clip-path: ellipse(55% 60% at 50% 100%);"[39m
              [36m/>[39m
              [36m<span[39m
                [33mclass[39m=[32m"relative z-[2] transition-colors duration-400 delay-50 flex items-center gap-2 
"[39m
              [36m>[39m
                [0mView Our Work[0m
              [36m</span>[39m
            [36m</a>[39m
          [36m</div>[39m
          [36m<p[39m
            [33mclass[39m=[32m"hero-proof text-[13px] text-[var(--text-muted)] mt-6 flex items-center gap-2"[39m
          [36m>[39m
            [0mTrusted by businesses across [0m
            [36m<span>[39m
              [0m≡ƒç¼≡ƒçº[0m
            [36m</span>[39m
            [0m United Kingdom [0m
            [36m<span>[39m
              ...
[90m [2mΓ¥»[22m Object.getElementError node_modules/@testing-library/dom/dist/config.js:[2m37:19[22m[39m
[90m [2mΓ¥»[22m node_modules/@testing-library/dom/dist/query-helpers.js:[2m76:38[22m[39m
[90m [2mΓ¥»[22m node_modules/@testing-library/dom/dist/query-helpers.js:[2m52:17[22m[39m
[90m [2mΓ¥»[22m node_modules/@testing-library/dom/dist/query-helpers.js:[2m95:19[22m[39m
[36m [2mΓ¥»[22m __tests__/page.test.tsx:[2m60:21[22m[39m
    [90m 58|[39m
    [90m 59|[39m       [90m// Assert - Hero[39m
    [90m 60|[39m       expect(screen.getByText(/We Build Software/i)).toBeInTheDocumentΓÇª
    [90m   |[39m                     [31m^[39m
    [90m 61|[39m       expect(screen.getByTestId('typewriter-content')).toBeInTheDocumeΓÇª
    [90m 62|[39m       expect(screen.getByTestId('particle-canvas')).toBeInTheDocument(ΓÇª

[31m[2mΓÄ»ΓÄ»ΓÄ»ΓÄ»ΓÄ»ΓÄ»ΓÄ»ΓÄ»ΓÄ»ΓÄ»ΓÄ»ΓÄ»ΓÄ»ΓÄ»ΓÄ»ΓÄ»ΓÄ»ΓÄ»ΓÄ»ΓÄ»ΓÄ»ΓÄ»ΓÄ»ΓÄ»[1/6]ΓÄ»[22m[39m

[41m[1m FAIL [22m[49m __tests__/page.test.tsx[2m > [22mHome Page[2m > [22merror cases[2m > [22mshould 
gracefully handle gsap issues without crashing the UI component structure
[31m[1mReferenceError[22m: gsap is not defined[39m
[36m [2mΓ¥»[22m __tests__/page.test.tsx:[2m96:17[22m[39m
    [90m 94|[39m     it('should gracefully handle gsap issues without crashing the UI cΓÇª

[2m Test Files [22m [1m[31m2 failed[39m[22m[2m | [22m[1m[32m11 passed[39m[22m[90m (13)[39m
[2m      Tests [22m [1m[31m6 failed[39m[22m[2m | [22m[1m[32m87 passed[39m[22m[90m (93)[39m
[2m     Errors [22m [1m[31m1 error[39m[22m
[2m   Start at [22m 14:52:42
[2m   Duration [22m 15.04s[2m (transform 3.21s, setup 7.01s, import 11.93s, tests 6.47s, environment 56.14s)[22m

    [90m 95|[39m       [90m// Arrange - simulate faulty gsap setup from an import failure[39m
    [90m 96|[39m       
vi[33m.[39m[34mmocked[39m(gsap[33m.[39mtimeline)[33m.[39m[34mmockImplementationOnce[39m(() [33m=>[39m {
    [90m   |[39m                 [31m^[39m
    [90m 97|[39m         [35mthrow[39m [35mnew[39m [33mError[39m([32m"Simulated GSAP crash"[39m)[33m;[39m
    [90m 98|[39m       })[33m;[39m

[31m[2mΓÄ»ΓÄ»ΓÄ»ΓÄ»ΓÄ»ΓÄ»ΓÄ»ΓÄ»ΓÄ»ΓÄ»ΓÄ»ΓÄ»ΓÄ»ΓÄ»ΓÄ»ΓÄ»ΓÄ»ΓÄ»ΓÄ»ΓÄ»ΓÄ»ΓÄ»ΓÄ»ΓÄ»[2/6]ΓÄ»[22m[39m

[41m[1m FAIL [22m[49m src/components/layout/PageLoader.test.tsx[2m > [22mPageLoader[2m > [22mfirst visit 
(sessionStorage empty)[2m > [22mshould render the loader on first visit
[41m[1m FAIL [22m[49m src/components/layout/PageLoader.test.tsx[2m > [22mPageLoader[2m > [22mfirst visit 
(sessionStorage empty)[2m > [22mshould render the brand name
[41m[1m FAIL [22m[49m src/components/layout/PageLoader.test.tsx[2m > [22mPageLoader[2m > [22mfirst visit 
(sessionStorage empty)[2m > [22mshould render a canvas element for the rain effect
[41m[1m FAIL [22m[49m src/components/layout/PageLoader.test.tsx[2m > [22mPageLoader[2m > [22mfirst visit 
(sessionStorage empty)[2m > [22mshould render the progress bar container
[31m[1mTypeError[22m: default.timeline is not a function[39m
[36m [2mΓ¥»[22m src/components/layout/PageLoader.tsx:[2m28:21[22m[39m
    [90m 26|[39m     if (!loaderRef.current || !welcomeRef.current || !imageContainerReΓÇª
    [90m 27|[39m
    [90m 28|[39m     [35mconst[39m tl [33m=[39m gsap[33m.[39m[34mtimeline[39m({
    [90m   |[39m                     [31m^[39m
    [90m 29|[39m       onComplete[33m:[39m () [33m=>[39m {
    [90m 30|[39m         sessionStorage[33m.[39m[34msetItem[39m([32m"bf-loaded"[39m[33m,[39m 
[32m"1"[39m)[33m;[39m
[90m [2mΓ¥»[22m Object.react_stack_bottom_frame 
node_modules/react-dom/cjs/react-dom-client.development.js:[2m25989:20[22m[39m
[90m [2mΓ¥»[22m runWithFiberInDEV node_modules/react-dom/cjs/react-dom-client.development.js:[2m874:13[22m[39m
[90m [2mΓ¥»[22m commitHookEffectListMount 
node_modules/react-dom/cjs/react-dom-client.development.js:[2m13249:29[22m[39m
[90m [2mΓ¥»[22m commitHookPassiveMountEffects 
node_modules/react-dom/cjs/react-dom-client.development.js:[2m13336:11[22m[39m
[90m [2mΓ¥»[22m commitPassiveMountOnFiber 
node_modules/react-dom/cjs/react-dom-client.development.js:[2m15484:13[22m[39m
[90m [2mΓ¥»[22m recursivelyTraversePassiveMountEffects 
node_modules/react-dom/cjs/react-dom-client.development.js:[2m15439:11[22m[39m
[90m [2mΓ¥»[22m commitPassiveMountOnFiber 
node_modules/react-dom/cjs/react-dom-client.development.js:[2m15519:11[22m[39m
[90m [2mΓ¥»[22m flushPassiveEffects node_modules/react-dom/cjs/react-dom-client.development.js:[2m18432:9[22m[39m
[90m [2mΓ¥»[22m node_modules/react-dom/cjs/react-dom-client.development.js:[2m17923:15[22m[39m

[31m[2mΓÄ»ΓÄ»ΓÄ»ΓÄ»ΓÄ»ΓÄ»ΓÄ»ΓÄ»ΓÄ»ΓÄ»ΓÄ»ΓÄ»ΓÄ»ΓÄ»ΓÄ»ΓÄ»ΓÄ»ΓÄ»ΓÄ»ΓÄ»ΓÄ»ΓÄ»ΓÄ»ΓÄ»[3/6]ΓÄ»[22m[39m

[31mΓÄ»ΓÄ»ΓÄ»ΓÄ»ΓÄ»ΓÄ»[39m[1m[41m Unhandled Errors [49m[22m[31mΓÄ»ΓÄ»ΓÄ»ΓÄ»ΓÄ»ΓÄ»[39m
[31m[1m
Vitest caught 1 unhandled error during the test run.
This might cause false positive tests. Resolve unhandled errors to make sure your tests are not affected.[22m[39m

[31mΓÄ»ΓÄ»ΓÄ»ΓÄ»[39m[1m[41m Unhandled Rejection [49m[22m[31mΓÄ»ΓÄ»ΓÄ»ΓÄ»ΓÄ»[39m
[31m[1mTypeError[22m: default.timeline is not a function[39m
[36m [2mΓ¥»[22m src/components/layout/PageLoader.tsx:[2m28:21[22m[39m
    [90m 26|[39m     if (!loaderRef.current || !welcomeRef.current || !imageContainerReΓÇª
    [90m 27|[39m
    [90m 28|[39m     [35mconst[39m tl [33m=[39m gsap[33m.[39m[34mtimeline[39m({
    [90m   |[39m                     [31m^[39m
    [90m 29|[39m       onComplete[33m:[39m () [33m=>[39m {
    [90m 30|[39m         sessionStorage[33m.[39m[34msetItem[39m([32m"bf-loaded"[39m[33m,[39m 
[32m"1"[39m)[33m;[39m
[90m [2mΓ¥»[22m Object.react_stack_bottom_frame 
node_modules/react-dom/cjs/react-dom-client.development.js:[2m25989:20[22m[39m
[90m [2mΓ¥»[22m runWithFiberInDEV node_modules/react-dom/cjs/react-dom-client.development.js:[2m874:13[22m[39m
[90m [2mΓ¥»[22m commitHookEffectListMount 
node_modules/react-dom/cjs/react-dom-client.development.js:[2m13249:29[22m[39m
[90m [2mΓ¥»[22m commitHookPassiveMountEffects 
node_modules/react-dom/cjs/react-dom-client.development.js:[2m13336:11[22m[39m
[90m [2mΓ¥»[22m commitPassiveMountOnFiber 
node_modules/react-dom/cjs/react-dom-client.development.js:[2m15484:13[22m[39m
[90m [2mΓ¥»[22m recursivelyTraversePassiveMountEffects 
node_modules/react-dom/cjs/react-dom-client.development.js:[2m15439:11[22m[39m
[90m [2mΓ¥»[22m commitPassiveMountOnFiber 
node_modules/react-dom/cjs/react-dom-client.development.js:[2m15519:11[22m[39m
[90m [2mΓ¥»[22m flushPassiveEffects node_modules/react-dom/cjs/react-dom-client.development.js:[2m18432:9[22m[39m
[90m [2mΓ¥»[22m node_modules/react-dom/cjs/react-dom-client.development.js:[2m17923:15[22m[39m

[31mThis error originated in "[1msrc/components/layout/PageLoader.test.tsx[22m" test file. It doesn't mean the 
error was thrown inside the file itself, but while it was running.[39m
[31mΓÄ»ΓÄ»ΓÄ»ΓÄ»ΓÄ»ΓÄ»ΓÄ»ΓÄ»ΓÄ»ΓÄ»ΓÄ»ΓÄ»ΓÄ»ΓÄ»ΓÄ»ΓÄ»ΓÄ»ΓÄ»ΓÄ»ΓÄ»ΓÄ»ΓÄ»ΓÄ»ΓÄ»ΓÄ»ΓÄ»ΓÄ»ΓÄ»ΓÄ»ΓÄ»[39m

